##### anchor_extraction_probe.py
  자기 검증  정정 전 형상(`\b` 종단)을 8건에서 잡는다 — 표가 살아 있다
             예: 조사 부착 — 설비 · 중복 — 등장 순 1회

  PASS  조사 부착 — 설비                   'EQ-CNC-204의 상태'
  PASS  조사 부착 — 알람                   'AL-20260826-0041이 발생했다'
  PASS  조사 부착 — 작업지시                 'WO-2026-0113을 수행'
  PASS  조사 부착 — SOP                  'SOP-BRG-INSP-014에 따라'
  PASS  조사 부착 — 부품                   'CP-204-BRG-01는 스핀들'
  PASS  백틱 감쌈(정본 표기)                 '`EQ-CNC-204`의'
  PASS  공백 뒤 조사                      'EQ-CNC-204 의 상태'
  PASS  괄호 인접                        'SOP-BRG-INSP-014(베어링)'
  PASS  문장부호 인접                      'EQ-CNC-204, SN-204-VIB.'
  PASS  한글이 «앞»에 붙음                  '설비EQ-CNC-204의'
  PASS  ID 형상 연장 — 자르지 않는다           'EQ-CNC-204X 는'
  PASS  두 ID 연속                      'EQ-CNC-204와 CP-204-BRG-01의'
  PASS  중복 — 등장 순 1회                 'EQ-CNC-204의 EQ-CNC-204는'
  PASS  소문자 — ID 아님                  'eq-cnc-204의'
  PASS  접두 밖 — ID 아님                 'ZZ-CNC-204의'
  PASS  ID 없음                        '임계값은 얼마인가?'

결과: 16/16 기대대로 · 어긋남 0건
##### EXIT=0
##### anchor_boundary_drill.py
정본      : benchmarks\datasets\eval-questions-draft.md
대상      : http://127.0.0.1:8000/api/retrieval/compare · 문항 10건 × 전략 3

  자기 검증  Q-DIRECT-001 ≠ Q-MULTIHOP-001 확인 — 비교기 살아 있음

  PASS  Q-DIRECT-001     [조사인접]
  PASS  Q-DIRECT-002     [인접없음]
  PASS  Q-DIRECT-003     [조사인접]
  PASS  Q-MULTIHOP-001   [조사인접]
  PASS  Q-MULTIHOP-002   [조사인접]
  PASS  Q-MULTIHOP-003   [조사인접]
  PASS  Q-SAFETY-001     [인접없음]
  PASS  Q-SAFETY-002     [조사인접]
  PASS  Q-UNANS-001      [조사인접]
  PASS  Q-UNANS-002      [조사인접]

결과: 문항 10 · 갈림 0건 · 동치류 밖 skip 0건
  생존 신호 — 기준 표기가 받은 hits 총 145건 (0이면 초록이 아니라 고장이다)
  코퍼스 축 — ID 뒤 조사 «인접» 문항 0/8 갈림 · «인접 없음» 문항 0/2 갈림
  전 변형이 같은 hits — 승인한 「같은 질문」이 같은 답을 낸다
##### EXIT=0
##### citation_roundtrip_drill.py --inject-drift
정본      : benchmarks\datasets\eval-questions-draft.md
대상      : http://127.0.0.1:8000 · 문항 10건 × 전략 3

  수집      고유 evidenceId 38건 (chunk 형상 23 · record 형상 15)

  ── ① 왕복 — 낸 근거를 펴고, 인용이 원문의 그 문장인가
  왕복 38/38 기대대로 · 어긋남 0건

  자기 검증  DOC-MAN-0021@r1#000 의 앞머리를 DOC-MAN-0021@r1#001 본문에 걸면 어긋남으로 잡는다 — 비교기 살아 있음

  ── ② 대조군 — 없는 것을 없다고 말하는가 · 조용히 버리지 않는가
  PASS  C-01 없는 revision 의 chunk              404 not_found  (기대 404)
  PASS  C-02 있는 revision · 없는 index           404 not_found  (기대 404)
  PASS  C-03 없는 record                        404 not_found  (기대 404)
  PASS  C-04 화이트리스트 밖 prefix                  404 not_found  (기대 404)
  PASS  C-05 없는 문서                            404 not_found  (기대 404)
  PASS  C-06 highlight 형식 위반                  400 highlight_mismatch  (기대 400)
  PASS  C-07 highlight = 있는 revision · 없는 index 400 highlight_not_found  (기대 400)
  PASS  C-08 highlight = chunk 없는 낡은 revision 400 highlight_not_found  (기대 400)
  PASS  C-09 highlight = 타 문서 chunk           400 highlight_mismatch  (기대 400)

  ── ③ 정합 파열 — 좌표는 옳은데 본문에서 못 찾을 때(주입 · 원복한다)
  대상    document_chunk[DOC-MAN-0021@r1#000].text (510자)
  원값    🔴 저장했다 — 실패해도 이 값으로 되돌린다
  주입 전  /documents 강조 있음 · freshness=FRESH
  주입 후  /documents → 500 citation_integrity_broken
  PASS  I-01 /documents 조용한 200 이 아니다
  PASS  I-02 /documents 5xx 로 운다(오케 판정 ③)
  PASS  I-03 /documents 구분 코드다(internal_error 아님)
  PASS  I-04 /documents 내부 경로·traceback 비노출
  주입 후  /evidence → 500 citation_integrity_broken
  PASS  I-05 /evidence 조용한 200 이 아니다
  PASS  I-06 /evidence 5xx 로 운다(오케 판정 ③)
  PASS  I-07 /evidence 구분 코드다(internal_error 아님)
  PASS  I-08 /evidence 내부 경로·traceback 비노출
  PASS  I-09 한 사건을 한 코드로 말한다 — /documents 500 citation_integrity_broken · /evidence 500 citation_integrity_broken
  PASS  I-10 freshness 는 이 drift 를 못 본다 — FRESH (배지만으로는 잡히지 않는 파열이라 ③ 이 필요하다)
  PASS  I-11 무접촉 대조군은 그대로다 — DOC-MAN-0022@r1#001 /documents 200 · /evidence 200
  PASS  I-0 되감기 — 원문 일치 True · 강조 복귀 200

결과: 어긋남 0건
##### EXIT=0
##### scenario_allowlist_drill.py
정본      : benchmarks\datasets\eval-questions-draft.md · 문항 10건
대상      : http://127.0.0.1:8000

  ── ① 이원화 — 정본 · /scenarios · compare 승인이 한 벌인가
  시나리오  GS-01(10문)
  PASS  집합 일치 — 정본에만 0건 · /scenarios 에만 0건

  ── ② 화면이 받은 문자열 그대로 compare 에 보낸다
  PASS   1 200 hits=5                          EQ-CNC-204의 진동 센서 경보 임계값은 얼마이며, 그 임계를 초과
  PASS   2 200 hits=5                          SOP-BRG-INSP-014(베어링 점검 절차)가 요구하는 필수 공구와
  PASS   3 200 hits=5                          SOP-BRG-INSP-014에 대해 지금 인용할 수 있는 revisio
  PASS   4 200 hits=5                          알람 AL-20260826-0041이 발생했다. 이 알람에서 출발해 관련
  PASS   5 200 hits=5                          EQ-CNC-204에 과거 유사한 정비 이력이 있는가? 있다면 그 이력이
  PASS   6 200 hits=5                          EQ-CNC-204와 연결된 고장 모드 중 대응 SOP가 매핑되지 않은 
  PASS   7 200 hits=5                          CP-204-BRG-01 베어링 점검·교체 작업을 시작하기 전에 반드시 
  PASS   8 200 hits=5                          작업지시서 WO-2026-0113이 참조하는 절차에 근거해, 이 작업지시
  PASS   9 200 hits=5                          작업지시서 WO-2026-0113을 수행하는 데 드는 비용은 얼마인가?
  PASS  10 200 hits=5                          EQ-CNC-999의 최근 진동 추세는 어떠한가?
  생존 신호 — 승인 질문이 받은 hits 총 50건 (0이면 초록이 아니라 고장이다)

  ── ③ 교차 대조군 — 목록 «밖»은 거부되는가 (관문이 닫혀 있는가)
  PASS  끝 낱말 교체          400 question_not_approved
  PASS  접두 부분문자열         400 question_not_approved
  PASS  접미 추가            400 question_not_approved
  PASS  공백만              400 question_not_approved
  PASS  SQL 조각           400 question_not_approved
  PASS  Cypher 조각        400 question_not_approved

결과: 어긋남 0건
##### EXIT=0
##### freshness_badge_drill.py --inject-stale
정본      : services\ai-api\db\migrations\007_freshness_unverified_and_integrity.sql
대상      : http://127.0.0.1:8000
실주입    : 켬 — index_build 1칸 · 원복한다

  ── ① 배지 매핑 상태표(쓰기 없음)
  정본 뷰 상태 6종: NOT_INDEXED · SKIPPED · BUILD_FAILED · STALE · ONTOLOGY_UNVERIFIED · FRESH
  자기 검증  정정 전 매핑(「STALE 만 true」)을 4건에서 잡는다 — 표가 살아 있다
             예: NOT_INDEXED · ONTOLOGY_UNVERIFIED

  PASS  NOT_INDEXED            stale=True  기대=True
  PASS  SKIPPED                stale=True  기대=True
  PASS  BUILD_FAILED           stale=True  기대=True
  PASS  STALE                  stale=True  기대=True
  PASS  ONTOLOGY_UNVERIFIED    stale=True  기대=True
  PASS  FRESH                  stale=False 기대=False
  PASS  값 없음(None)             stale=True  기대=True

  상태표: 7/7 기대대로 · 어긋남 0건

  ── ② 실주입 왕복 — 낡음이 표면까지 오는가
  대상    index_build[DOC-SOP-0014@r2 · levi2-run2].source_sha256
  원값    59457442ce3f642b2cf711218ee088fd604afe9ee81a5c3010ec4847ef77f5e8   ← 🔴 실패해도 이 값으로 되돌린다
  주입 전  freshness=FRESH · 배지 {'evidence': False, 'documents': False} · 대조군 {'evidence': False, 'documents': False}
  주입 후  freshness=STALE · 배지 {'evidence': True, 'documents': True} · 대조군 {'evidence': False, 'documents': False}

  PASS  뷰가 STALE 로 바뀐다
  PASS  /evidence 배지가 false→true
  PASS  /documents 배지가 false→true
  PASS  대조군 /evidence 는 false 로 머문다
  PASS  대조군 /documents 는 false 로 머문다

  PASS  되감기 — freshness=FRESH · /evidence stale=False

결과: 어긋남 0건
##### EXIT=0
##### injection_surface_drill.py
대상      : http://127.0.0.1:8000
적대 입력 : 10종 × 문 3 = 30건

  자기 검증  표본 5종(막힘 2 · 이탈 3) 전건 기대대로 — 판정자 살아 있음

  기준선    DOC-SOP-0014 본문 1376자 — 던지기 전 크기

  ── GET /evidence/{id}
  PASS  EV-01 SQL 주석 종결          404 not_found
  PASS  EV-02 SQL union          404 not_found
  PASS  EV-03 SQL drop           404 not_found
  PASS  EV-04 시스템 테이블 지정         404 not_found
  PASS  EV-05 경로 traversal       404 http_404
  PASS  EV-06 인코딩 traversal      404 not_found
  PASS  EV-07 널바이트               404 not_found
  PASS  EV-08 초장문(4KB)           404 not_found
  PASS  EV-09 유니코드 방향 제어         404 not_found
  PASS  EV-10 chunk 형상 + 주석      404 not_found
  ── GET /documents/{id}
  PASS  DC-01 SQL 주석 종결          404 not_found
  PASS  DC-02 SQL union          404 not_found
  PASS  DC-03 SQL drop           404 not_found
  PASS  DC-04 시스템 테이블 지정         404 not_found
  PASS  DC-05 경로 traversal       404 http_404
  PASS  DC-06 인코딩 traversal      404 not_found
  PASS  DC-07 널바이트               404 not_found
  PASS  DC-08 초장문(4KB)           404 not_found
  PASS  DC-09 유니코드 방향 제어         404 not_found
  PASS  DC-10 chunk 형상 + 주석      404 not_found
  ── ?highlight={chunkId}
  PASS  HL-01 SQL 주석 종결          400 highlight_mismatch
  PASS  HL-02 SQL union          400 highlight_mismatch
  PASS  HL-03 SQL drop           400 highlight_mismatch
  PASS  HL-04 시스템 테이블 지정         400 highlight_mismatch
  PASS  HL-05 경로 traversal       400 highlight_mismatch
  PASS  HL-06 인코딩 traversal      400 highlight_mismatch
  PASS  HL-07 널바이트               400 highlight_mismatch
  PASS  HL-08 초장문(4KB)           400 highlight_mismatch
  PASS  HL-09 유니코드 방향 제어         400 highlight_mismatch
  PASS  HL-10 chunk 형상 + 주석      400 highlight_mismatch

  관측(판정 아님)  오류 message 가 요청 문자열을 되비친 건수 28/30

  PASS  대상 생존 — DOC-SOP-0014 본문 1376자 (던지기 전 1376자)

결과: 어긋남 0건
##### EXIT=0
##### error_shape_drill.py --cut-neo4j
대상      : http://127.0.0.1:8000
의존 단절 : 켬 — fkt-levi2-neo4j-1 정지 후 되돌린다

  자기 검증  표본 4종(계약 형상 1 · 이탈 3) 전건 기대대로 — 검사기 살아 있음

  PASS  E-01 sessionId 형식 위반        422  invalid_session_id
  PASS  E-02 승인 목록 밖 질문             400  question_not_approved
  PASS  E-03 계약 밖 전략명               422  invalid_request
  PASS  E-04 필수 필드 누락               422  invalid_request
  PASS  E-05 미구현 라우트(501)           501  not_implemented
  PASS  E-06 없는 경로(404)             404  http_404
  PASS  E-07 없는 근거(404)             404  not_found
  PASS  E-08 없는 문서(404)             404  not_found
  PASS  E-09 강조 좌표 불일치(400)         400  highlight_mismatch

  -- 런타임 의존 단절 — fkt-levi2-neo4j-1 정지
  PASS  E-10 neo4j 단절 중 compare  503  dependency_unavailable
  -- 되감기 — fkt-levi2-neo4j-1 재기동
  PASS  E-0 되감기 — health healthy · compare 200

결과: 11/11 계약 형상 · 이탈 0건
##### EXIT=0
##### dependency_code_drill.py --cut-postgres
대상      : http://127.0.0.1:8000
의존 단절 : 켬 — fkt-levi2-postgres-1 정지 후 되돌린다

  자기 검증  표본 4종(기대 형상 1 · 이탈 3) 전건 기대대로 — 판정자 살아 있음

  ── 기준선 — 의존이 살아 있을 때
  PASS  D-01 POST /retrieval/compare    200 
  PASS  D-02 GET /evidence/{id}         200 
  PASS  D-03 GET /documents/{id}        200 
  PASS  D-04 GET /scenarios          200 

  -- 런타임 의존 단절 — fkt-levi2-postgres-1 정지
  PASS  D-01 POST /retrieval/compare    503 dependency_unavailable
  PASS  D-02 GET /evidence/{id}         503 dependency_unavailable
  PASS  D-03 GET /documents/{id}        503 dependency_unavailable
  PASS  D-05 한 사건을 한 코드로 말한다          D-01=503 dependency_unavailable · D-02=503 dependency_unavailable · D-03=503 dependency_unavailable
  PASS  D-06 /health 가 단절을 말한다            status=degraded postgres=unavailable
  PASS  D-07 /scenarios 는 단절과 무관     200 

  -- 되감기 — fkt-levi2-postgres-1 재기동
  PASS  D-01 POST /retrieval/compare    200 
  PASS  D-02 GET /evidence/{id}         200 
  PASS  D-03 GET /documents/{id}        200 
  PASS  D-04 GET /scenarios          200 
  PASS  D-0 되감기 — health healthy

결과: 어긋남 0건
##### EXIT=0
